// Jest Snapshot v1, https://goo.gl/fbAQLP

exports[`Printer Module Snapshot Test should match the exact visual structure 1`] = `
"# 🏋️ Training Plan: Test Plan
**Duration:** 2 weeks

---

## 🗓️ Week 1

### Bench Press
* **Warm-up:**
  * 50 kg × 10 reps
  * 80 kg × 3 reps
> **Working Sets:** 3 sets × 5 reps @ **100.4 kg**

---

## 🗓️ Week 2

### Pull Ups
* **Warm-up:**
  * Scapular Pulls (2 sets × 15 reps)
> **Working Sets:** 3 sets × 10 reps @ **80 kg**

---"
`;
